// Jest Snapshot v1, https://goo.gl/fbAQLP

exports[`matches snapshot 1`] = `
<DocumentFragment>
  <div
    class="TodoList"
  >
    <h2
      class="TodoList-title"
    >
      Todos!
    </h2>
    <form
      class="NewTodoForm"
    >
      <label
        class="NewTodoForm-input"
        for="task"
      >
        Task
      </label>
      <input
        id="task"
        name="task"
        placeholder="Task"
        type="text"
        value=""
      />
      <button
        class="NewTodoForm-button"
      >
        Create a new todo!
      </button>
    </form>
    <div
      class="TodoList-todos"
    />
  </div>
</DocumentFragment>
`;
